// Jest Snapshot v1, https://goo.gl/fbAQLP

exports[`EmptyState renders correctly 1`] = `
<DocumentFragment>
  <div
    class="MuiContainer-root MuiContainer-maxWidthSm page-container css-cuefkz-MuiContainer-root"
  >
    <div
      class="MuiContainer-root MuiContainer-maxWidthSm container css-cuefkz-MuiContainer-root"
    >
      <h1
        class="MuiTypography-root MuiTypography-h4 MuiTypography-gutterBottom css-1vw6mcs-MuiTypography-root"
      >
        Oi, no match is on the cards just yet
      </h1>
      <div
        class="imageContainer MuiBox-root css-0"
      >
        <img
          alt="Empty State"
          class="image"
          src="test-file-name"
        />
      </div>
    </div>
  </div>
</DocumentFragment>
`;
