// Jest Snapshot v1, https://goo.gl/fbAQLP

exports[`ErrorMessage renders correctly with a message 1`] = `
<DocumentFragment>
  <div
    class="error-message"
    role="alert"
  >
    <p>
      An error occurred
    </p>
  </div>
</DocumentFragment>
`;
