// Jest Snapshot v1, https://goo.gl/fbAQLP

exports[`Spinner renders correctly 1`] = `
<DocumentFragment>
  <div
    class="spinner"
  >
    <div
      aria-label="Loading"
      class="spinner__circle"
    />
  </div>
</DocumentFragment>
`;
